loaded graph sameBook

sameBook contains: char1 char2 char3 char4

the children of char1 in sameBook are: char2(book1) char3(book1) char4(book1)
the children of char2 in sameBook are: char1(book1) char3(book1) char4(book1)
the children of char3 in sameBook are: char1(book1) char2(book1) char4(book1)
the children of char4 in sameBook are: char1(book1) char2(book1) char3(book1)