created graph graph1

added node n1 to graph1

the children of n1 in graph1 are: