# tests that a nodes path to itself is 0.000 even with cycles 

created graph g 

added node n1 to g 
added node n2 to g 

added edge 1.000 from n1 to n2 in g 
added edge 1.000 from n2 to n1 in g 

path from n1 to n1:
total cost: 0.000