Menu:
	r to find a route
	b to see a list of all buildings
	q to quit

Enter an option ('m' to see the menu): # test output for finding the path of two unknown buildings

Abbreviated name of starting building: Abbreviated name of ending building: Unknown building: UNKNOWN1
Unknown building: UNKNOWN2

Enter an option ('m' to see the menu): 