# Find a path when there is only one possible path, but multiple edges along the way 
# to finding that path 

created graph g 

added node n1 to g
added node n2 to g
added node n3 to g
added node n4 to g
added node n5 to g
added node n6 to g
added node n7 to g
added node n8 to g
added node n9 to g

added edge 0.500 from n1 to n2 in g
added edge 0.100 from n2 to n3 in g
added edge 1.000 from n3 to n4 in g
added edge 1.000 from n1 to n5 in g
added edge 0.100 from n1 to n8 in g
added edge 1.000 from n2 to n6 in g
added edge 0.500 from n2 to n7 in g
added edge 0.100 from n3 to n9 in g
added edge 1.000 from n8 to n9 in g
added edge 1.000 from n8 to n5 in g
added edge 1.000 from n5 to n6 in g
added edge 1.000 from n6 to n7 in g

path from n1 to n4:
n1 to n2 with weight 0.500
n2 to n3 with weight 0.100
n3 to n4 with weight 1.000
total cost: 1.600