# tests for output when there is no path 

created graph g 

added node n1 to g 
added node n2 to g 

path from n1 to n2:
no path found